// Jest Snapshot v1, https://goo.gl/fbAQLP

exports[`Dashboard Controls is rendering 1`] = `
<div
  className="controls panel"
>
  <button
    className="toggle-btn"
    disabled={true}
  >
    Lock Gate
  </button>
  <button
    className="toggle-btn"
  >
    Close Gate
  </button>
</div>
`;

exports[`Dashboard Display is rendering 1`] = `
<div
  className="display panel"
>
  <div
    className="led green-led"
  >
    Unlocked
  </div>
  <div
    className="led green-led"
  >
    Open
  </div>
</div>
`;
